// Jest Snapshot v1, https://goo.gl/fbAQLP

exports[`Cell container snapshot cell 1`] = `
<styled.button
  name="cell"
  onClick={[MockFunction]}
>
  X
</styled.button>
`;
