// Jest Snapshot v1, https://goo.gl/fbAQLP

exports[`Header component Header snapshot 1`] = `
<styled.div>
  TIC TAC TOE
</styled.div>
`;
